<html>
<body>
<pre>
<h1>µVision Build Log</h1>
<h2>Tool Versions:</h2>
IDE-Version: £gVision V5.27.1.0
Copyright (C) 2019 ARM Ltd and ARM Germany GmbH. All rights reserved.
License Information: ntut spie, NTUT, LIC=----
 
Tool Versions:
Toolchain:       MDK-Lite  Version: 5.15.0
Toolchain Path:  C:\Keil_v5\ARM\ARMCC\Bin
C Compiler:      Armcc.exe V5.05 update 2 (build 169)
Assembler:       Armasm.exe V5.05 update 2 (build 169)
Linker/Locator:  ArmLink.exe V5.05 update 2 (build 169)
Library Manager: ArmAr.exe V5.05 update 2 (build 169)
Hex Converter:   FromElf.exe V5.05 update 2 (build 169)
CPU DLL:         SARMCM3.DLL V5.15.0
Dialog DLL:      DCM.DLL V1.13.2.0
Target DLL:      STLink\ST-LINKIII-KEIL_SWO.dll V2.0.15.0_KEIL
Dialog DLL:      TCM.DLL V1.14.5.0
 
<h2>Project:</h2>
C:\Users\user\Desktop\·L³B²z¾÷\STM32Cube_FW_F1_V1.4.0\Projects\STM3210E_EVAL\Templates\MDK-ARM\Project.uvprojx
Project File Date:  12/16/2021

<h2>Output:</h2>
*** Using Compiler 'V5.05 update 2 (build 169)', folder: 'C:\Keil_v5\ARM\ARMCC\Bin'
Build target 'STM3210E_EVAL'
compiling main.c...
../Src/main.c(100): warning:  #223-D: function "LCD_Init" declared implicitly
  	LCD_Init();
../Src/main.c(101): warning:  #223-D: function "LCD_Clear" declared implicitly
  	LCD_Clear();
../Src/main.c(104): warning:  #223-D: function "LCD_DrawString" declared implicitly
  	LCD_DrawString(0 , 0 , String1,sizeof(String1));//$
../Src/main.c(119): warning:  #223-D: function "LCD_DrawString" declared implicitly
  	LCD_DrawString(2 , 80 , Work,4);//Work
../Src/main.c(126): warning:  #223-D: function "LCD_DrawString" declared implicitly
  	if(ADC > 0xAAA){LCD_DrawString(2 , 72 , String5,sizeof(String5));}
../Src/main.c(127): warning:  #223-D: function "LCD_DrawString" declared implicitly
  	else if(ADC <= 0xAAA && ADC >0x555){LCD_DrawString(4 , 72 , String5,sizeof(String5));}
../Src/main.c(128): warning:  #223-D: function "LCD_DrawString" declared implicitly
  	else{LCD_DrawString(6 , 72 , String5,sizeof(String5));}
../Src/main.c: 7 warnings, 0 errors
linking...
Program Size: Code=7246 RO-data=362 RW-data=3116 ZI-data=1140  
"STM3210E_EVAL\STM3210E_EVAL.axf" - 0 Error(s), 7 Warning(s).

<h2>Software Packages used:</h2>

Package Vendor: ARM
                http://www.keil.com/pack/ARM.CMSIS.4.3.0.pack
                ARM.CMSIS.4.3.0
                CMSIS (Cortex Microcontroller Software Interface Standard)
   * Component: CORE Version: 4.1.0

Package Vendor: Keil
                http://www.keil.com/pack/Keil.STM32F1xx_DFP.2.3.0.pack
                Keil.STM32F1xx_DFP.2.3.0
                STMicroelectronics STM32F1 Series Device Support, Drivers and Examples

<h2>Collection of Component include folders:</h2>
  .\RTE\_STM3210E_EVAL
  C:\Keil_v5\ARM\PACK\ARM\CMSIS\4.3.0\CMSIS\Include
  C:\Keil_v5\ARM\PACK\Keil\STM32F1xx_DFP\2.3.0\Device\Include

<h2>Collection of Component Files used:</h2>

   * Component: ARM::CMSIS:CORE:4.1.0
Build Time Elapsed:  00:00:02
</pre>
</body>
</html>
